[mentorflow-template.webflow.io/home.html]
[backblue.gif]
[fade.gif]
[index.html]
[cdn.prod.website-files.com/662f6161a812082265c77e7d/css/mentorflow-template.webflow.3c840e475.css]
[ajax.googleapis.com/ajax/libs/webfont/1.6.26/webfont.js]
[cdn.prod.website-files.com/662f6161a812082265c77e7d/664ed28f1cacc645c503e2b1_mentorflow-favicon.png]
[mentorflow-template.webflow.io/about.html]
[mentorflow-template.webflow.io/services.html]
[mentorflow-template.webflow.io/projects.html]
[mentorflow-template.webflow.io/pricing.html]
[mentorflow-template.webflow.io/team.html]
[mentorflow-template.webflow.io/blog.html]
[mentorflow-template.webflow.io/contact.html]
[cdn.prod.website-files.com/662f6161a812082265c77e7d/664b3b5b52b22106be4a9468_banner-small-img.jpg]
[cdn.prod.website-files.com/662f6161a812082265c77e7d/664c1ece231a6a3d706fc36c_home-banner-img.jpg]
[cdn.prod.website-files.com/662f6161a812082265c77e7d/662f8a24358ca00b497a1387_home-client-01.jpg]
[cdn.prod.website-files.com/662f6161a812082265c77e7d/662f8a23358ca00b497a12af_home-client-02.jpg]
[cdn.prod.website-files.com/662f6161a812082265c77e7d/662f8a24358ca00b497a136a_home-client-03.jpg]
[cdn.prod.website-files.com/662f6161a812082265c77e7d/66585ee9d203f68c2a9c96b9_about-left-image.jpg]
[cdn.prod.website-files.com/662f6161a812082265c77e7d/66585ee9a7768163ac98115f_about-right-image.jpg]
[cdn.prod.website-files.com/662f6161a812082265c77e7d/662f8a52c9b9f19973d8ad53_home-work-01.png]
[cdn.prod.website-files.com/662f6161a812082265c77e7d/662f8a52c9b9f19973d8ad24_home-work-02.png]
[cdn.prod.website-files.com/662f6161a812082265c77e7d/662f8a52c9b9f19973d8ad29_home-work-03.png]
[mentorflow-template.webflow.io/service-post/financial-services.html]
[mentorflow-template.webflow.io/service-post/task-control.html]
[mentorflow-template.webflow.io/service-post/financial-growth.html]
[mentorflow-template.webflow.io/service-post/capital-investments.html]
[cdn.prod.website-files.com/662f6161a812082265c77e7d/664b3ef8073450f1a92d24bf_choose-large-img.jpg]
[cdn.prod.website-files.com/662f6161a812082265c77e7d/665869ccb8fad28888bcbcee_offer-image.png]
[mentorflow-template.webflow.io/project-posts/it-consulting.html]
[cdn.prod.website-files.com/663089c11301d11e93e4aa99/66584cc30f2bc56d8bab8311_Project-thumbnail-img-01.jpg]
[mentorflow-template.webflow.io/project-categories/marketing.html]
[mentorflow-template.webflow.io/project-posts/strategy-consulting.html]
[cdn.prod.website-files.com/663089c11301d11e93e4aa99/66584cdd32a61e37cf0f3cbf_Project-thumbnail-img-02.jpg]
[mentorflow-template.webflow.io/project-categories/business.html]
[mentorflow-template.webflow.io/project-posts/healthcare.html]
[cdn.prod.website-files.com/663089c11301d11e93e4aa99/66584cf960ca60d26514bdf8_Project-thumbnail-img-03.jpg]
[mentorflow-template.webflow.io/project-posts/environmental.html]
[cdn.prod.website-files.com/663089c11301d11e93e4aa99/66584d05ab129396f38f975c_Project-thumbnail-img-04.jpg]
[mentorflow-template.webflow.io/project-posts/human-resources.html]
[cdn.prod.website-files.com/663089c11301d11e93e4aa99/66584d1021153edff7957433_Project-thumbnail-img-05.jpg]
[mentorflow-template.webflow.io/project-posts/legal-consulting.html]
[cdn.prod.website-files.com/663089c11301d11e93e4aa99/6658544b4891e42e45851a6b_Project-thumbnail-img-06.jpg]
[cdn.prod.website-files.com/662f6161a812082265c77e7d/664c2050ec4326af174bc9d3_testimonial-img-01.jpg]
[cdn.prod.website-files.com/662f6161a812082265c77e7d/6631cf890e5e4024a65738ce_testimonial-img-02.jpg]
[cdn.prod.website-files.com/662f6161a812082265c77e7d/6631cf89e6fb8f41e96ee191_testimonial-img-03.jpg]
[mentorflow-template.webflow.io/team-posts/noah-jameson.html]
[cdn.prod.website-files.com/663089c11301d11e93e4aa99/66582947a0be34673467a802_team-01.jpg]
[mentorflow-template.webflow.io/team-posts/james-dean.html]
[cdn.prod.website-files.com/663089c11301d11e93e4aa99/6658295b9950e8b393048aae_team-04.jpg]
[mentorflow-template.webflow.io/team-posts/ricky-jay.html]
[cdn.prod.website-files.com/663089c11301d11e93e4aa99/6658296bb4e44a87cb8e5b2a_team-03.jpg]
[mentorflow-template.webflow.io/team-posts/sarah-jane.html]
[cdn.prod.website-files.com/663089c11301d11e93e4aa99/66582978b90f2cb81df72abb_team-05.jpg]
[mentorflow-template.webflow.io/blog-posts/the-consulting-playbook-tactics-for-success.html]
[cdn.prod.website-files.com/663089c11301d11e93e4aa99/665846c94d4ee5b748731a7a_blog-thumbnail-img-02.jpg]
[mentorflow-template.webflow.io/blog-categories/marketing.html]
[mentorflow-template.webflow.io/blog-posts/the-art-of-consulting-transforming-business.html]
[cdn.prod.website-files.com/663089c11301d11e93e4aa99/665846e943691efc27197a24_blog-thumbnail-img-03.jpg]
[mentorflow-template.webflow.io/blog-posts/expert-perspectives-consulting-with-growth.html]
[cdn.prod.website-files.com/663089c11301d11e93e4aa99/6658470243691efc27198d14_blog-thumbnail-img-04.jpg]
[mentorflow-template.webflow.io/template-info/style-guide.html]
[mentorflow-template.webflow.io/401.html]
[mentorflow-template.webflow.io/404.html]
[cdn.prod.website-files.com/662f6161a812082265c77e7d/6666878a5be6ca25f905a079_more-template-badge.png]
[cdn.prod.website-files.com/662f6161a812082265c77e7d/6666879c5b769b78a20edd87_buy-template-badge.png]
[d3e54v103j8qbb.cloudfront.net/js/jquery-3.5.1.min.dc5e7f18c875ea.js]
[mentorflow-template.webflow.io/home.html]
[cdn.prod.website-files.com/662f6161a812082265c77e7d/js/webflow.accc3874b.js]
[cdn.prod.website-files.com/662f6161a812082265c77e7d/662f8aadf3c026e1bee042d1_green vector bg.png]
[cdn.prod.website-files.com/662f6161a812082265c77e7d/66696b1d9ab4af61d9a599ac_figma-bg.png]
[cdn.prod.website-files.com/662f6161a812082265c77e7d/66696b1c9ab4af61d9a59945_font-bg.png]
[cdn.prod.website-files.com/662f6161a812082265c77e7d/css/mentorflow-template.webflow.3c840e475.css]
[cdn.prod.website-files.com/662f6161a812082265c77e7d/66696b1d9ab4af61d9a59988_icon-bg.png]
[cdn.prod.website-files.com/662f6161a812082265c77e7d/663070e1ada842f7f01d615e_about-banner-image-01.jpg]
[cdn.prod.website-files.com/662f6161a812082265c77e7d/663070e0ada842f7f01d60fc_about-banner-image-02.jpg]
[cdn.prod.website-files.com/662f6161a812082265c77e7d/663070e1ada842f7f01d6148_about-banner-image-03.jpg]
[cdn.prod.website-files.com/662f6161a812082265c77e7d/66307157cce4443d5cf34311_about-mission-01.jpg]
[cdn.prod.website-files.com/662f6161a812082265c77e7d/664b397d3943471d1163a440_about-small-img.jpg]
[cdn.prod.website-files.com/662f6161a812082265c77e7d/664c32068f9dc64ed328ea3c_about-video-img.jpg]
[mentorflow-template.webflow.io/about.html]
[mentorflow-template.webflow.io/service-post/capital-market.html]
[mentorflow-template.webflow.io/services.html]
[mentorflow-template.webflow.io/projects.html]
[mentorflow-template.webflow.io/pricing.html]
[mentorflow-template.webflow.io/service-post/advisory-solutions.html]
[mentorflow-template.webflow.io/team-posts/lucy-ann.html]
[cdn.prod.website-files.com/663089c11301d11e93e4aa99/66582987803dfdfba9114f46_team-06.jpg]
[cdn.prod.website-files.com/663089c11301d11e93e4aa99/6658299b65337b710ff2bcbc_team-02.jpg]
[mentorflow-template.webflow.io/team.html]
[mentorflow-template.webflow.io/blog-posts/visual-chronicles-crafted-art-photography.html]
[cdn.prod.website-files.com/663089c11301d11e93e4aa99/66586c511616a8f28abe00ae_blog-thumbnail-img-02.jpg]
[mentorflow-template.webflow.io/blog-posts/consulting-unleashed-empowering-businesses.html]
[cdn.prod.website-files.com/663089c11301d11e93e4aa99/6658471769ec8dc9a6f0605f_blog-thumbnail-img-05.jpg]
[mentorflow-template.webflow.io/blog-categories/design.html]
[mentorflow-template.webflow.io/blog-posts/consulting-corner-unlocking-business-potential.html]
[cdn.prod.website-files.com/663089c11301d11e93e4aa99/6658472f0f858f0ffee02bab_blog-thumbnail-img-06.jpg]
[mentorflow-template.webflow.io/blog-posts/beyond-advice-actionable-consulting-solutions.html]
[cdn.prod.website-files.com/663089c11301d11e93e4aa99/66584744f1744962ddbf20d5_blog-thumbnail-img-07.jpg]
[mentorflow-template.webflow.io/blog.html]
[cdn.prod.website-files.com/662f6161a812082265c77e7d/664b37e96861962d5d939da9_conatct-img.jpg]
[mentorflow-template.webflow.io/contact.html]
[cdn.prod.website-files.com/663089c11301d11e93e4aa99/66585bc536711229ab0a6154_service-main-img-01.jpg]
[mentorflow-template.webflow.io/service-post/financial-services.html]
[cdn.prod.website-files.com/663089c11301d11e93e4aa99/66585bdf63cb84d317cba0e9_service-main-img-02.jpg]
[mentorflow-template.webflow.io/service-post/task-control.html]
[cdn.prod.website-files.com/663089c11301d11e93e4aa99/66585beb33d12f77f4b0edd4_service-main-img-03.jpg]
[mentorflow-template.webflow.io/service-post/financial-growth.html]
[cdn.prod.website-files.com/663089c11301d11e93e4aa99/66585bf6944bd97696211096_service-main-img-04.jpg]
[mentorflow-template.webflow.io/service-post/capital-investments.html]
[cdn.prod.website-files.com/663089c11301d11e93e4aa99/665855d2895882c78130c992_project-main-img-01.jpg]
[cdn.prod.website-files.com/663089c11301d11e93e4aa99/6630cecf1deb6993b3c96460_658d5114d4f84423cbd35d8f_project-collection-image.jpg]
[mentorflow-template.webflow.io/project-posts/it-consulting.html]
[mentorflow-template.webflow.io/project-categories/marketing.html]
[cdn.prod.website-files.com/663089c11301d11e93e4aa99/665855e448f2bd5c14ebef8c_project-main-img-02.jpg]
[mentorflow-template.webflow.io/project-posts/strategy-consulting.html]
[mentorflow-template.webflow.io/project-categories/business.html]
[cdn.prod.website-files.com/663089c11301d11e93e4aa99/665855eef99b731c3dd70604_project-main-img-03.jpg]
[mentorflow-template.webflow.io/project-posts/healthcare.html]
[cdn.prod.website-files.com/663089c11301d11e93e4aa99/66585602eb9ea899b46fbd4b_project-main-img-04.jpg]
[mentorflow-template.webflow.io/project-posts/environmental.html]
[cdn.prod.website-files.com/663089c11301d11e93e4aa99/6658560dabb747da720f89bc_project-main-img-05.jpg]
[mentorflow-template.webflow.io/project-posts/human-resources.html]
[cdn.prod.website-files.com/663089c11301d11e93e4aa99/66585619c782cf4abf67fa54_project-main-img-06.jpg]
[mentorflow-template.webflow.io/project-posts/legal-consulting.html]
[mentorflow-template.webflow.io/team-posts/noah-jameson.html]
[mentorflow-template.webflow.io/team-posts/james-dean.html]
[mentorflow-template.webflow.io/team-posts/ricky-jay.html]
[mentorflow-template.webflow.io/team-posts/sarah-jane.html]
[mentorflow-template.webflow.io/blog-authors/olivia-paige.html]
[cdn.prod.website-files.com/663089c11301d11e93e4aa99/6631d71b95ad5d2eb220788a_author-img-03.jpg]
[cdn.prod.website-files.com/663089c11301d11e93e4aa99/66586cd41616a8f28abe7240_blog-main-img-01.jpg]
[cdn.prod.website-files.com/663089c11301d11e93e4aa99/6630984fd268c5d92fd493e5_658e5efa362ea09400d61237_blog-collection-image.jpg]
[mentorflow-template.webflow.io/blog-posts/the-consulting-playbook-tactics-for-success.html]
[mentorflow-template.webflow.io/blog-categories/marketing.html]
[mentorflow-template.webflow.io/blog-authors/andy-smit.html]
[cdn.prod.website-files.com/663089c11301d11e93e4aa99/6631d701ebe2d2fbdd0a1f4f_author-img-01.jpg]
[cdn.prod.website-files.com/663089c11301d11e93e4aa99/66584538f9909b6107045ac3_blog-main-img-03.jpg]
[mentorflow-template.webflow.io/blog-posts/the-art-of-consulting-transforming-business.html]
[cdn.prod.website-files.com/663089c11301d11e93e4aa99/6658454ff8b1088e2e2943cc_blog-main-img-04.jpg]
[mentorflow-template.webflow.io/blog-posts/expert-perspectives-consulting-with-growth.html]
[mentorflow-template.webflow.io/template-info/style-guide.html]
[mentorflow-template.webflow.io/401.html]
[mentorflow-template.webflow.io/404.html]
[cdn.prod.website-files.com/663089c11301d11e93e4aa99/66585c03a266e9c5379ef545_service-main-img-05.jpg]
[mentorflow-template.webflow.io/service-post/capital-market.html]
[cdn.prod.website-files.com/663089c11301d11e93e4aa99/66585c10442988bba74acd3e_service-main-img-06.jpg]
[mentorflow-template.webflow.io/service-post/advisory-solutions.html]
[mentorflow-template.webflow.io/team-posts/lucy-ann.html]
[mentorflow-template.webflow.io/blog-authors/smith-jones.html]
[cdn.prod.website-files.com/663089c11301d11e93e4aa99/6631d711ab4c6d990b8c2611_author-img-02.jpg]
[cdn.prod.website-files.com/663089c11301d11e93e4aa99/66584517f0d0affacbd2dace_blog-main-img-01.jpg]
[mentorflow-template.webflow.io/blog-posts/visual-chronicles-crafted-art-photography.html]
[cdn.prod.website-files.com/663089c11301d11e93e4aa99/6658456a4bbfe5d4568e6ca6_blog-main-img-05.jpg]
[mentorflow-template.webflow.io/blog-posts/consulting-unleashed-empowering-businesses.html]
[mentorflow-template.webflow.io/blog-categories/design.html]
[cdn.prod.website-files.com/663089c11301d11e93e4aa99/6658456501c3d396cad80607_blog-main-img-06.jpg]
[mentorflow-template.webflow.io/blog-posts/consulting-corner-unlocking-business-potential.html]
[cdn.prod.website-files.com/663089c11301d11e93e4aa99/665845832151b4fbdc00f15e_blog-main-img-07.jpg]
[mentorflow-template.webflow.io/blog-posts/beyond-advice-actionable-consulting-solutions.html]
[mentorflow-template.webflow.io/blog-authors/olivia-paige.html]
[mentorflow-template.webflow.io/blog-authors/andy-smit.html]
[mentorflow-template.webflow.io/blog-authors/smith-jones.html]
[mentorflow-template.webflow.io/project-categories/financial.html]
[mentorflow-template.webflow.io/blog-categories/analytics.html]
[mentorflow-template.webflow.io/template-info/licenses.html]
[mentorflow-template.webflow.io/template-info/changelog.html]
[mentorflow-template.webflow.io/team-posts/amelia-rose.html]
